// Jest Snapshot v1, https://goo.gl/fbAQLP

exports[`<Footer /> should be rendered without errors 1`] = `
<Footer>
  <div
    className="makeStyles-offset-1"
  />
  <WithStyles(ForwardRef(AppBar))
    className="makeStyles-stickToBottom-2"
    position="static"
  >
    <ForwardRef(AppBar)
      className="makeStyles-stickToBottom-2"
      classes={
        Object {
          "colorDefault": "MuiAppBar-colorDefault",
          "colorInherit": "MuiAppBar-colorInherit",
          "colorPrimary": "MuiAppBar-colorPrimary",
          "colorSecondary": "MuiAppBar-colorSecondary",
          "colorTransparent": "MuiAppBar-colorTransparent",
          "positionAbsolute": "MuiAppBar-positionAbsolute",
          "positionFixed": "MuiAppBar-positionFixed",
          "positionRelative": "MuiAppBar-positionRelative",
          "positionStatic": "MuiAppBar-positionStatic",
          "positionSticky": "MuiAppBar-positionSticky",
          "root": "MuiAppBar-root",
        }
      }
      position="static"
    >
      <WithStyles(ForwardRef(Paper))
        className="MuiAppBar-root MuiAppBar-positionStatic MuiAppBar-colorPrimary makeStyles-stickToBottom-2"
        component="header"
        elevation={4}
        square={true}
      >
        <ForwardRef(Paper)
          className="MuiAppBar-root MuiAppBar-positionStatic MuiAppBar-colorPrimary makeStyles-stickToBottom-2"
          classes={
            Object {
              "elevation0": "MuiPaper-elevation0",
              "elevation1": "MuiPaper-elevation1",
              "elevation10": "MuiPaper-elevation10",
              "elevation11": "MuiPaper-elevation11",
              "elevation12": "MuiPaper-elevation12",
              "elevation13": "MuiPaper-elevation13",
              "elevation14": "MuiPaper-elevation14",
              "elevation15": "MuiPaper-elevation15",
              "elevation16": "MuiPaper-elevation16",
              "elevation17": "MuiPaper-elevation17",
              "elevation18": "MuiPaper-elevation18",
              "elevation19": "MuiPaper-elevation19",
              "elevation2": "MuiPaper-elevation2",
              "elevation20": "MuiPaper-elevation20",
              "elevation21": "MuiPaper-elevation21",
              "elevation22": "MuiPaper-elevation22",
              "elevation23": "MuiPaper-elevation23",
              "elevation24": "MuiPaper-elevation24",
              "elevation3": "MuiPaper-elevation3",
              "elevation4": "MuiPaper-elevation4",
              "elevation5": "MuiPaper-elevation5",
              "elevation6": "MuiPaper-elevation6",
              "elevation7": "MuiPaper-elevation7",
              "elevation8": "MuiPaper-elevation8",
              "elevation9": "MuiPaper-elevation9",
              "outlined": "MuiPaper-outlined",
              "root": "MuiPaper-root",
              "rounded": "MuiPaper-rounded",
            }
          }
          component="header"
          elevation={4}
          square={true}
        >
          <header
            className="MuiPaper-root MuiAppBar-root MuiAppBar-positionStatic MuiAppBar-colorPrimary makeStyles-stickToBottom-2 MuiPaper-elevation4"
          >
            <WithStyles(ForwardRef(Toolbar))>
              <ForwardRef(Toolbar)
                classes={
                  Object {
                    "dense": "MuiToolbar-dense",
                    "gutters": "MuiToolbar-gutters",
                    "regular": "MuiToolbar-regular",
                    "root": "MuiToolbar-root",
                  }
                }
              >
                <div
                  className="MuiToolbar-root MuiToolbar-regular MuiToolbar-gutters"
                >
                  <WithStyles(ForwardRef(Typography))
                    component="p"
                    href="/"
                    variant="body1"
                  >
                    <ForwardRef(Typography)
                      classes={
                        Object {
                          "alignCenter": "MuiTypography-alignCenter",
                          "alignJustify": "MuiTypography-alignJustify",
                          "alignLeft": "MuiTypography-alignLeft",
                          "alignRight": "MuiTypography-alignRight",
                          "body1": "MuiTypography-body1",
                          "body2": "MuiTypography-body2",
                          "button": "MuiTypography-button",
                          "caption": "MuiTypography-caption",
                          "colorError": "MuiTypography-colorError",
                          "colorInherit": "MuiTypography-colorInherit",
                          "colorPrimary": "MuiTypography-colorPrimary",
                          "colorSecondary": "MuiTypography-colorSecondary",
                          "colorTextPrimary": "MuiTypography-colorTextPrimary",
                          "colorTextSecondary": "MuiTypography-colorTextSecondary",
                          "displayBlock": "MuiTypography-displayBlock",
                          "displayInline": "MuiTypography-displayInline",
                          "gutterBottom": "MuiTypography-gutterBottom",
                          "h1": "MuiTypography-h1",
                          "h2": "MuiTypography-h2",
                          "h3": "MuiTypography-h3",
                          "h4": "MuiTypography-h4",
                          "h5": "MuiTypography-h5",
                          "h6": "MuiTypography-h6",
                          "noWrap": "MuiTypography-noWrap",
                          "overline": "MuiTypography-overline",
                          "paragraph": "MuiTypography-paragraph",
                          "root": "MuiTypography-root",
                          "srOnly": "MuiTypography-srOnly",
                          "subtitle1": "MuiTypography-subtitle1",
                          "subtitle2": "MuiTypography-subtitle2",
                        }
                      }
                      component="p"
                      href="/"
                      variant="body1"
                    >
                      <p
                        className="MuiTypography-root MuiTypography-body1"
                        href="/"
                      >
                        Â© 2020, BareFoot Nomad, All rights reserved.
                      </p>
                    </ForwardRef(Typography)>
                  </WithStyles(ForwardRef(Typography))>
                </div>
              </ForwardRef(Toolbar)>
            </WithStyles(ForwardRef(Toolbar))>
          </header>
        </ForwardRef(Paper)>
      </WithStyles(ForwardRef(Paper))>
    </ForwardRef(AppBar)>
  </WithStyles(ForwardRef(AppBar))>
</Footer>
`;
