// Jest Snapshot v1, https://goo.gl/fbAQLP

exports[`NOTIFICATION DETAILS COMPONENT Should capture the snapshot 1`] = `undefined`;

exports[`NOTIFICATION MENU COMPONENT Should capture the snapshot 1`] = `undefined`;
