// Jest Snapshot v1, https://goo.gl/fbAQLP

exports[`<AssignUsers /> It should Redirect if not logged in 1`] = `
<Redirect
  to={
    Object {
      "pathname": "/login",
    }
  }
/>
`;

exports[`<AssignUsers /> It should forward if logged in 1`] = `<Connect(AssignUsersToManagers) />`;
