// Jest Snapshot v1, https://goo.gl/fbAQLP

exports[`<App /> matches snapshot 1`] = `
<BrowserRouter
  history={
    Object {
      "action": "POP",
      "back": [Function],
      "block": [Function],
      "createHref": [Function],
      "forward": [Function],
      "go": [Function],
      "listen": [Function],
      "location": Object {
        "hash": "",
        "key": "default",
        "pathname": "/",
        "search": "",
        "state": null,
      },
      "push": [Function],
      "replace": [Function],
    }
  }
>
  <Routes />
</BrowserRouter>
`;
